==29017== Helgrind, a thread error detector
==29017== Copyright (C) 2007-2017, and GNU GPL'd, by OpenWorks LLP et al.
==29017== Using Valgrind-3.22.0 and LibVEX; rerun with -h for copyright info
==29017== Command: ./harness --mode parallel --switches 4 --packets 40
==29017== Parent PID: 29016
==29017== 
==29017== ---Thread-Announcement------------------------------------------
==29017== 
==29017== Thread #1 is the program's root thread
==29017== 
==29017== ----------------------------------------------------------------
==29017== 
==29017== Thread #1: pthread_cond_{signal,broadcast}: dubious: associated lock is not held by any thread
==29017==    at 0x4851C1D: ??? (in /usr/libexec/valgrind/vgpreload_helgrind-amd64-linux.so)
==29017==    by 0x49844FC: bm::AgeingMonitor::~AgeingMonitor() (ageing.cpp:115)
==29017==    by 0x498460C: bm::AgeingMonitor::~AgeingMonitor() (ageing.cpp:117)
==29017==    by 0x4998789: operator() (unique_ptr.h:99)
==29017==    by 0x4998789: ~unique_ptr (unique_ptr.h:404)
==29017==    by 0x4998789: bm::P4Objects::~P4Objects() (P4Objects.h:64)
==29017==    by 0x1217A9: _M_release (shared_ptr_base.h:346)
==29017==    by 0x1217A9: _M_release (shared_ptr_base.h:317)
==29017==    by 0x1217A9: ~__shared_count (shared_ptr_base.h:1071)
==29017==    by 0x1217A9: ~__shared_ptr (shared_ptr_base.h:1524)
==29017==    by 0x1217A9: ~shared_ptr (shared_ptr.h:175)
==29017==    by 0x1217A9: ~Context (context.h:90)
==29017==    by 0x1217A9: _Destroy<bm::Context> (stl_construct.h:151)
==29017==    by 0x1217A9: __destroy<bm::Context*> (stl_construct.h:163)
==29017==    by 0x1217A9: _Destroy<bm::Context*> (stl_construct.h:196)
==29017==    by 0x1217A9: _Destroy<bm::Context*, bm::Context> (alloc_traits.h:948)
==29017==    by 0x1217A9: ~vector (stl_vector.h:735)
==29017==    by 0x1217A9: bm::SwitchWContexts::~SwitchWContexts() (switch.h:100)
==29017==    by 0x11B1A7: ~Switch (switch.h:973)
==29017==    by 0x11B1A7: ~TestSwitch (harness.cc:52)
==29017==    by 0x11B1A7: ~TestSwitch (harness.cc:52)
==29017==    by 0x11B1A7: operator() (unique_ptr.h:99)
==29017==    by 0x11B1A7: ~unique_ptr (unique_ptr.h:404)
==29017==    by 0x11B1A7: _Destroy<std::unique_ptr<(anonymous namespace)::TestSwitch> > (stl_construct.h:151)
==29017==    by 0x11B1A7: __destroy<std::unique_ptr<(anonymous namespace)::TestSwitch>*> (stl_construct.h:163)
==29017==    by 0x11B1A7: _Destroy<std::unique_ptr<(anonymous namespace)::TestSwitch>*> (stl_construct.h:196)
==29017==    by 0x11B1A7: _Destroy<std::unique_ptr<(anonymous namespace)::TestSwitch>*, std::unique_ptr<(anonymous namespace)::TestSwitch> > (alloc_traits.h:948)
==29017==    by 0x11B1A7: std::vector<std::unique_ptr<(anonymous namespace)::TestSwitch, std::default_delete<(anonymous namespace)::TestSwitch> >, std::allocator<std::unique_ptr<(anonymous namespace)::TestSwitch, std::default_delete<(anonymous namespace)::TestSwitch> > > >::~vector() (stl_vector.h:735)
==29017==    by 0x1185BD: main (harness.cc:284)
==29017== 
==29017== 
==29017== Use --history-level=approx or =none to gain increased speed, at
==29017== the cost of reduced accuracy of conflicting-access information
==29017== For lists of detected and suppressed errors, rerun with: -s
==29017== ERROR SUMMARY: 4 errors from 1 contexts (suppressed: 230 from 22)
