==28893== Helgrind, a thread error detector
==28893== Copyright (C) 2007-2017, and GNU GPL'd, by OpenWorks LLP et al.
==28893== Using Valgrind-3.22.0 and LibVEX; rerun with -h for copyright info
==28893== Command: ./harness --mode parallel --switches 4 --packets 40
==28893== Parent PID: 28892
==28893== 
==28893== ---Thread-Announcement------------------------------------------
==28893== 
==28893== Thread #7 was created
==28893==    at 0x4FC1CB3: clone (clone.S:76)
==28893==    by 0x4FC1E32: __clone_internal_fallback (clone-internal.c:64)
==28893==    by 0x4FC1E32: __clone_internal (clone-internal.c:109)
==28893==    by 0x4F3462F: create_thread (pthread_create.c:297)
==28893==    by 0x4F35284: pthread_create@@GLIBC_2.34 (pthread_create.c:836)
==28893==    by 0x4854975: ??? (in /usr/libexec/valgrind/vgpreload_helgrind-amd64-linux.so)
==28893==    by 0x4CD6EB0: std::thread::_M_start_thread(std::unique_ptr<std::thread::_State, std::default_delete<std::thread::_State> >, void (*)()) (in /usr/lib/x86_64-linux-gnu/libstdc++.so.6.0.33)
==28893==    by 0x1182CD: thread<main(int, char**)::<lambda()> > (std_thread.h:164)
==28893==    by 0x1182CD: construct<std::thread, main(int, char**)::<lambda()> > (new_allocator.h:191)
==28893==    by 0x1182CD: construct<std::thread, main(int, char**)::<lambda()> > (alloc_traits.h:538)
==28893==    by 0x1182CD: _M_realloc_insert<main(int, char**)::<lambda()> > (vector.tcc:468)
==28893==    by 0x1182CD: emplace_back<main(int, char**)::<lambda()> > (vector.tcc:123)
==28893==    by 0x1182CD: main (harness.cc:242)
==28893== 
==28893== ---Thread-Announcement------------------------------------------
==28893== 
==28893== Thread #6 was created
==28893==    at 0x4FC1CB3: clone (clone.S:76)
==28893==    by 0x4FC1E32: __clone_internal_fallback (clone-internal.c:64)
==28893==    by 0x4FC1E32: __clone_internal (clone-internal.c:109)
==28893==    by 0x4F3462F: create_thread (pthread_create.c:297)
==28893==    by 0x4F35284: pthread_create@@GLIBC_2.34 (pthread_create.c:836)
==28893==    by 0x4854975: ??? (in /usr/libexec/valgrind/vgpreload_helgrind-amd64-linux.so)
==28893==    by 0x4CD6EB0: std::thread::_M_start_thread(std::unique_ptr<std::thread::_State, std::default_delete<std::thread::_State> >, void (*)()) (in /usr/lib/x86_64-linux-gnu/libstdc++.so.6.0.33)
==28893==    by 0x1182CD: thread<main(int, char**)::<lambda()> > (std_thread.h:164)
==28893==    by 0x1182CD: construct<std::thread, main(int, char**)::<lambda()> > (new_allocator.h:191)
==28893==    by 0x1182CD: construct<std::thread, main(int, char**)::<lambda()> > (alloc_traits.h:538)
==28893==    by 0x1182CD: _M_realloc_insert<main(int, char**)::<lambda()> > (vector.tcc:468)
==28893==    by 0x1182CD: emplace_back<main(int, char**)::<lambda()> > (vector.tcc:123)
==28893==    by 0x1182CD: main (harness.cc:242)
==28893== 
==28893== ----------------------------------------------------------------
==28893== 
==28893== Possible data race during read of size 8 at 0x4B40738 by thread #7
==28893== Locks held: none
==28893==    at 0x49AC580: bm::EventLogger::parser_start(bm::Packet const&, bm::Parser const&) (event_logger.cpp:101)
==28893==    by 0x4A32F35: bm::Parser::parse(bm::Packet*) const (parser.cpp:1134)
==28893==    by 0x119BFA: Process (harness.cc:110)
==28893==    by 0x119BFA: (anonymous namespace)::RunOne((anonymous namespace)::TestSwitch*, std::vector<std::vector<unsigned char, std::allocator<unsigned char> >, std::allocator<std::vector<unsigned char, std::allocator<unsigned char> > > > const&, std::vector<(anonymous namespace)::PacketResult, std::allocator<(anonymous namespace)::PacketResult> >*) (harness.cc:185)
==28893==    by 0x4CD6DB3: ??? (in /usr/lib/x86_64-linux-gnu/libstdc++.so.6.0.33)
==28893==    by 0x4854B7A: ??? (in /usr/libexec/valgrind/vgpreload_helgrind-amd64-linux.so)
==28893==    by 0x4F34B83: start_thread (pthread_create.c:447)
==28893==    by 0x4FC1CC3: clone (clone.S:100)
==28893== 
==28893== This conflicts with a previous write of size 8 by thread #6
==28893== Locks held: none
==28893==    at 0x4A33519: EventLogger (event_logger.h:73)
==28893==    by 0x4A33519: get (event_logger.h:106)
==28893==    by 0x4A33519: bm::Parser::parse(bm::Packet*) const (parser.cpp:1134)
==28893==    by 0x119BFA: Process (harness.cc:110)
==28893==    by 0x119BFA: (anonymous namespace)::RunOne((anonymous namespace)::TestSwitch*, std::vector<std::vector<unsigned char, std::allocator<unsigned char> >, std::allocator<std::vector<unsigned char, std::allocator<unsigned char> > > > const&, std::vector<(anonymous namespace)::PacketResult, std::allocator<(anonymous namespace)::PacketResult> >*) (harness.cc:185)
==28893==    by 0x4CD6DB3: ??? (in /usr/lib/x86_64-linux-gnu/libstdc++.so.6.0.33)
==28893==    by 0x4854B7A: ??? (in /usr/libexec/valgrind/vgpreload_helgrind-amd64-linux.so)
==28893==    by 0x4F34B83: start_thread (pthread_create.c:447)
==28893==    by 0x4FC1CC3: clone (clone.S:100)
==28893==  Address 0x4b40738 is in the BSS segment of /usr/local/lib/libbmall.so.0.0.0
==28893== 
==28893== ----------------------------------------------------------------
==28893== 
==28893== Possible data race during read of size 8 at 0x4B40730 by thread #7
==28893== Locks held: none
==28893==    at 0x49AC584: _M_ptr (unique_ptr.h:199)
==28893==    by 0x49AC584: get (unique_ptr.h:470)
==28893==    by 0x49AC584: operator-> (unique_ptr.h:463)
==28893==    by 0x49AC584: bm::EventLogger::parser_start(bm::Packet const&, bm::Parser const&) (event_logger.cpp:103)
==28893==    by 0x4A32F35: bm::Parser::parse(bm::Packet*) const (parser.cpp:1134)
==28893==    by 0x119BFA: Process (harness.cc:110)
==28893==    by 0x119BFA: (anonymous namespace)::RunOne((anonymous namespace)::TestSwitch*, std::vector<std::vector<unsigned char, std::allocator<unsigned char> >, std::allocator<std::vector<unsigned char, std::allocator<unsigned char> > > > const&, std::vector<(anonymous namespace)::PacketResult, std::allocator<(anonymous namespace)::PacketResult> >*) (harness.cc:185)
==28893==    by 0x4CD6DB3: ??? (in /usr/lib/x86_64-linux-gnu/libstdc++.so.6.0.33)
==28893==    by 0x4854B7A: ??? (in /usr/libexec/valgrind/vgpreload_helgrind-amd64-linux.so)
==28893==    by 0x4F34B83: start_thread (pthread_create.c:447)
==28893==    by 0x4FC1CC3: clone (clone.S:100)
==28893== 
==28893== This conflicts with a previous write of size 8 by thread #6
==28893== Locks held: none
==28893==    at 0x4A33516: _Tuple_impl (tuple:302)
==28893==    by 0x4A33516: tuple (tuple:1358)
==28893==    by 0x4A33516: __uniq_ptr_impl (unique_ptr.h:185)
==28893==    by 0x4A33516: __uniq_ptr_data (unique_ptr.h:242)
==28893==    by 0x4A33516: unique_ptr (unique_ptr.h:366)
==28893==    by 0x4A33516: EventLogger (event_logger.h:73)
==28893==    by 0x4A33516: get (event_logger.h:106)
==28893==    by 0x4A33516: bm::Parser::parse(bm::Packet*) const (parser.cpp:1134)
==28893==    by 0x119BFA: Process (harness.cc:110)
==28893==    by 0x119BFA: (anonymous namespace)::RunOne((anonymous namespace)::TestSwitch*, std::vector<std::vector<unsigned char, std::allocator<unsigned char> >, std::allocator<std::vector<unsigned char, std::allocator<unsigned char> > > > const&, std::vector<(anonymous namespace)::PacketResult, std::allocator<(anonymous namespace)::PacketResult> >*) (harness.cc:185)
==28893==    by 0x4CD6DB3: ??? (in /usr/lib/x86_64-linux-gnu/libstdc++.so.6.0.33)
==28893==    by 0x4854B7A: ??? (in /usr/libexec/valgrind/vgpreload_helgrind-amd64-linux.so)
==28893==    by 0x4F34B83: start_thread (pthread_create.c:447)
==28893==    by 0x4FC1CC3: clone (clone.S:100)
==28893==  Address 0x4b40730 is in the BSS segment of /usr/local/lib/libbmall.so.0.0.0
==28893== 
==28893== ----------------------------------------------------------------
==28893== 
==28893== Possible data race during read of size 8 at 0x60D8920 by thread #7
==28893== Locks held: none
==28893==    at 0x49AC5BB: send (transport.h:53)
==28893==    by 0x49AC5BB: bm::EventLogger::parser_start(bm::Packet const&, bm::Parser const&) (event_logger.cpp:103)
==28893==    by 0x4A32F35: bm::Parser::parse(bm::Packet*) const (parser.cpp:1134)
==28893==    by 0x119BFA: Process (harness.cc:110)
==28893==    by 0x119BFA: (anonymous namespace)::RunOne((anonymous namespace)::TestSwitch*, std::vector<std::vector<unsigned char, std::allocator<unsigned char> >, std::allocator<std::vector<unsigned char, std::allocator<unsigned char> > > > const&, std::vector<(anonymous namespace)::PacketResult, std::allocator<(anonymous namespace)::PacketResult> >*) (harness.cc:185)
==28893==    by 0x4CD6DB3: ??? (in /usr/lib/x86_64-linux-gnu/libstdc++.so.6.0.33)
==28893==    by 0x4854B7A: ??? (in /usr/libexec/valgrind/vgpreload_helgrind-amd64-linux.so)
==28893==    by 0x4F34B83: start_thread (pthread_create.c:447)
==28893==    by 0x4FC1CC3: clone (clone.S:100)
==28893==  Address 0x60d8920 is 0 bytes inside a block of size 16 alloc'd
==28893==    at 0x4849023: operator new(unsigned long) (in /usr/libexec/valgrind/vgpreload_helgrind-amd64-linux.so)
==28893==    by 0x4A6AA21: bm::TransportIface::make_dummy() (transport.cpp:101)
==28893==    by 0x4A334E7: get (event_logger.h:106)
==28893==    by 0x4A334E7: bm::Parser::parse(bm::Packet*) const (parser.cpp:1134)
==28893==    by 0x119BFA: Process (harness.cc:110)
==28893==    by 0x119BFA: (anonymous namespace)::RunOne((anonymous namespace)::TestSwitch*, std::vector<std::vector<unsigned char, std::allocator<unsigned char> >, std::allocator<std::vector<unsigned char, std::allocator<unsigned char> > > > const&, std::vector<(anonymous namespace)::PacketResult, std::allocator<(anonymous namespace)::PacketResult> >*) (harness.cc:185)
==28893==    by 0x4CD6DB3: ??? (in /usr/lib/x86_64-linux-gnu/libstdc++.so.6.0.33)
==28893==    by 0x4854B7A: ??? (in /usr/libexec/valgrind/vgpreload_helgrind-amd64-linux.so)
==28893==    by 0x4F34B83: start_thread (pthread_create.c:447)
==28893==    by 0x4FC1CC3: clone (clone.S:100)
==28893==  Block was alloc'd by thread #6
==28893== 
==28893== ---Thread-Announcement------------------------------------------
==28893== 
==28893== Thread #9 was created
==28893==    at 0x4FC1CB3: clone (clone.S:76)
==28893==    by 0x4FC1E32: __clone_internal_fallback (clone-internal.c:64)
==28893==    by 0x4FC1E32: __clone_internal (clone-internal.c:109)
==28893==    by 0x4F3462F: create_thread (pthread_create.c:297)
==28893==    by 0x4F35284: pthread_create@@GLIBC_2.34 (pthread_create.c:836)
==28893==    by 0x4854975: ??? (in /usr/libexec/valgrind/vgpreload_helgrind-amd64-linux.so)
==28893==    by 0x4CD6EB0: std::thread::_M_start_thread(std::unique_ptr<std::thread::_State, std::default_delete<std::thread::_State> >, void (*)()) (in /usr/lib/x86_64-linux-gnu/libstdc++.so.6.0.33)
==28893==    by 0x1181CF: thread<main(int, char**)::<lambda()> > (std_thread.h:164)
==28893==    by 0x1181CF: construct<std::thread, main(int, char**)::<lambda()> > (new_allocator.h:191)
==28893==    by 0x1181CF: construct<std::thread, main(int, char**)::<lambda()> > (alloc_traits.h:538)
==28893==    by 0x1181CF: emplace_back<main(int, char**)::<lambda()> > (vector.tcc:117)
==28893==    by 0x1181CF: main (harness.cc:242)
==28893== 
==28893== ----------------------------------------------------------------
==28893== 
==28893== Possible data race during read of size 8 at 0x4B40738 by thread #9
==28893== Locks held: none
==28893==    at 0x49AC680: bm::EventLogger::parser_extract(bm::Packet const&, int) (event_logger.cpp:125)
==28893==    by 0x4A2B270: bm::(anonymous namespace)::extract_fixed(bm::Header*, bm::Packet*, char const*, unsigned long*) (parser.cpp:247)
==28893==    by 0x4A31869: bm::ParseState::find_next_state(bm::Packet*, char const*, unsigned long*) const (parser.cpp:1060)
==28893==    by 0x4A3321E: bm::Parser::parse(bm::Packet*) const (parser.cpp:1153)
==28893==    by 0x119BFA: Process (harness.cc:110)
==28893==    by 0x119BFA: (anonymous namespace)::RunOne((anonymous namespace)::TestSwitch*, std::vector<std::vector<unsigned char, std::allocator<unsigned char> >, std::allocator<std::vector<unsigned char, std::allocator<unsigned char> > > > const&, std::vector<(anonymous namespace)::PacketResult, std::allocator<(anonymous namespace)::PacketResult> >*) (harness.cc:185)
==28893==    by 0x4CD6DB3: ??? (in /usr/lib/x86_64-linux-gnu/libstdc++.so.6.0.33)
==28893==    by 0x4854B7A: ??? (in /usr/libexec/valgrind/vgpreload_helgrind-amd64-linux.so)
==28893==    by 0x4F34B83: start_thread (pthread_create.c:447)
==28893==    by 0x4FC1CC3: clone (clone.S:100)
==28893== 
==28893== This conflicts with a previous write of size 8 by thread #6
==28893== Locks held: none
==28893==    at 0x4A33519: EventLogger (event_logger.h:73)
==28893==    by 0x4A33519: get (event_logger.h:106)
==28893==    by 0x4A33519: bm::Parser::parse(bm::Packet*) const (parser.cpp:1134)
==28893==    by 0x119BFA: Process (harness.cc:110)
==28893==    by 0x119BFA: (anonymous namespace)::RunOne((anonymous namespace)::TestSwitch*, std::vector<std::vector<unsigned char, std::allocator<unsigned char> >, std::allocator<std::vector<unsigned char, std::allocator<unsigned char> > > > const&, std::vector<(anonymous namespace)::PacketResult, std::allocator<(anonymous namespace)::PacketResult> >*) (harness.cc:185)
==28893==    by 0x4CD6DB3: ??? (in /usr/lib/x86_64-linux-gnu/libstdc++.so.6.0.33)
==28893==    by 0x4854B7A: ??? (in /usr/libexec/valgrind/vgpreload_helgrind-amd64-linux.so)
==28893==    by 0x4F34B83: start_thread (pthread_create.c:447)
==28893==    by 0x4FC1CC3: clone (clone.S:100)
==28893==  Address 0x4b40738 is in the BSS segment of /usr/local/lib/libbmall.so.0.0.0
==28893== 
==28893== ----------------------------------------------------------------
==28893== 
==28893== Possible data race during read of size 8 at 0x4B40730 by thread #9
==28893== Locks held: none
==28893==    at 0x49AC684: _M_ptr (unique_ptr.h:199)
==28893==    by 0x49AC684: get (unique_ptr.h:470)
==28893==    by 0x49AC684: operator-> (unique_ptr.h:463)
==28893==    by 0x49AC684: bm::EventLogger::parser_extract(bm::Packet const&, int) (event_logger.cpp:127)
==28893==    by 0x4A2B270: bm::(anonymous namespace)::extract_fixed(bm::Header*, bm::Packet*, char const*, unsigned long*) (parser.cpp:247)
==28893==    by 0x4A31869: bm::ParseState::find_next_state(bm::Packet*, char const*, unsigned long*) const (parser.cpp:1060)
==28893==    by 0x4A3321E: bm::Parser::parse(bm::Packet*) const (parser.cpp:1153)
==28893==    by 0x119BFA: Process (harness.cc:110)
==28893==    by 0x119BFA: (anonymous namespace)::RunOne((anonymous namespace)::TestSwitch*, std::vector<std::vector<unsigned char, std::allocator<unsigned char> >, std::allocator<std::vector<unsigned char, std::allocator<unsigned char> > > > const&, std::vector<(anonymous namespace)::PacketResult, std::allocator<(anonymous namespace)::PacketResult> >*) (harness.cc:185)
==28893==    by 0x4CD6DB3: ??? (in /usr/lib/x86_64-linux-gnu/libstdc++.so.6.0.33)
==28893==    by 0x4854B7A: ??? (in /usr/libexec/valgrind/vgpreload_helgrind-amd64-linux.so)
==28893==    by 0x4F34B83: start_thread (pthread_create.c:447)
==28893==    by 0x4FC1CC3: clone (clone.S:100)
==28893== 
==28893== This conflicts with a previous write of size 8 by thread #6
==28893== Locks held: none
==28893==    at 0x4A33516: _Tuple_impl (tuple:302)
==28893==    by 0x4A33516: tuple (tuple:1358)
==28893==    by 0x4A33516: __uniq_ptr_impl (unique_ptr.h:185)
==28893==    by 0x4A33516: __uniq_ptr_data (unique_ptr.h:242)
==28893==    by 0x4A33516: unique_ptr (unique_ptr.h:366)
==28893==    by 0x4A33516: EventLogger (event_logger.h:73)
==28893==    by 0x4A33516: get (event_logger.h:106)
==28893==    by 0x4A33516: bm::Parser::parse(bm::Packet*) const (parser.cpp:1134)
==28893==    by 0x119BFA: Process (harness.cc:110)
==28893==    by 0x119BFA: (anonymous namespace)::RunOne((anonymous namespace)::TestSwitch*, std::vector<std::vector<unsigned char, std::allocator<unsigned char> >, std::allocator<std::vector<unsigned char, std::allocator<unsigned char> > > > const&, std::vector<(anonymous namespace)::PacketResult, std::allocator<(anonymous namespace)::PacketResult> >*) (harness.cc:185)
==28893==    by 0x4CD6DB3: ??? (in /usr/lib/x86_64-linux-gnu/libstdc++.so.6.0.33)
==28893==    by 0x4854B7A: ??? (in /usr/libexec/valgrind/vgpreload_helgrind-amd64-linux.so)
==28893==    by 0x4F34B83: start_thread (pthread_create.c:447)
==28893==    by 0x4FC1CC3: clone (clone.S:100)
==28893==  Address 0x4b40730 is in the BSS segment of /usr/local/lib/libbmall.so.0.0.0
==28893== 
==28893== ---Thread-Announcement------------------------------------------
==28893== 
==28893== Thread #1 is the program's root thread
==28893== 
==28893== ----------------------------------------------------------------
==28893== 
==28893== Thread #1: pthread_cond_{signal,broadcast}: dubious: associated lock is not held by any thread
==28893==    at 0x4851C1D: ??? (in /usr/libexec/valgrind/vgpreload_helgrind-amd64-linux.so)
==28893==    by 0x49844FC: bm::AgeingMonitor::~AgeingMonitor() (ageing.cpp:115)
==28893==    by 0x498460C: bm::AgeingMonitor::~AgeingMonitor() (ageing.cpp:117)
==28893==    by 0x4998789: operator() (unique_ptr.h:99)
==28893==    by 0x4998789: ~unique_ptr (unique_ptr.h:404)
==28893==    by 0x4998789: bm::P4Objects::~P4Objects() (P4Objects.h:64)
==28893==    by 0x121599: _M_release (shared_ptr_base.h:346)
==28893==    by 0x121599: _M_release (shared_ptr_base.h:317)
==28893==    by 0x121599: ~__shared_count (shared_ptr_base.h:1071)
==28893==    by 0x121599: ~__shared_ptr (shared_ptr_base.h:1524)
==28893==    by 0x121599: ~shared_ptr (shared_ptr.h:175)
==28893==    by 0x121599: ~Context (context.h:90)
==28893==    by 0x121599: _Destroy<bm::Context> (stl_construct.h:151)
==28893==    by 0x121599: __destroy<bm::Context*> (stl_construct.h:163)
==28893==    by 0x121599: _Destroy<bm::Context*> (stl_construct.h:196)
==28893==    by 0x121599: _Destroy<bm::Context*, bm::Context> (alloc_traits.h:948)
==28893==    by 0x121599: ~vector (stl_vector.h:735)
==28893==    by 0x121599: bm::SwitchWContexts::~SwitchWContexts() (switch.h:100)
==28893==    by 0x11AFB7: ~Switch (switch.h:973)
==28893==    by 0x11AFB7: ~TestSwitch (harness.cc:51)
==28893==    by 0x11AFB7: ~TestSwitch (harness.cc:51)
==28893==    by 0x11AFB7: operator() (unique_ptr.h:99)
==28893==    by 0x11AFB7: ~unique_ptr (unique_ptr.h:404)
==28893==    by 0x11AFB7: _Destroy<std::unique_ptr<(anonymous namespace)::TestSwitch> > (stl_construct.h:151)
==28893==    by 0x11AFB7: __destroy<std::unique_ptr<(anonymous namespace)::TestSwitch>*> (stl_construct.h:163)
==28893==    by 0x11AFB7: _Destroy<std::unique_ptr<(anonymous namespace)::TestSwitch>*> (stl_construct.h:196)
==28893==    by 0x11AFB7: _Destroy<std::unique_ptr<(anonymous namespace)::TestSwitch>*, std::unique_ptr<(anonymous namespace)::TestSwitch> > (alloc_traits.h:948)
==28893==    by 0x11AFB7: std::vector<std::unique_ptr<(anonymous namespace)::TestSwitch, std::default_delete<(anonymous namespace)::TestSwitch> >, std::allocator<std::unique_ptr<(anonymous namespace)::TestSwitch, std::default_delete<(anonymous namespace)::TestSwitch> > > >::~vector() (stl_vector.h:735)
==28893==    by 0x11846D: main (harness.cc:270)
==28893== 
==28893== 
==28893== Use --history-level=approx or =none to gain increased speed, at
==28893== the cost of reduced accuracy of conflicting-access information
==28893== For lists of detected and suppressed errors, rerun with: -s
==28893== ERROR SUMMARY: 15 errors from 6 contexts (suppressed: 230 from 22)
