==70262== Helgrind, a thread error detector
==70262== Copyright (C) 2007-2017, and GNU GPL'd, by OpenWorks LLP et al.
==70262== Using Valgrind-3.22.0 and LibVEX; rerun with -h for copyright info
==70262== Command: ./harness --mode parallel --json /home/tj/research/p4-days/p4-programs/log_probe/log_probe.json --switches 3 --packets 10 --bmv2-log-split results/hglogs
==70262== Parent PID: 70261
==70262== 
==70262== ---Thread-Announcement------------------------------------------
==70262== 
==70262== Thread #1 is the program's root thread
==70262== 
==70262== ----------------------------------------------------------------
==70262== 
==70262== Thread #1: pthread_cond_{signal,broadcast}: dubious: associated lock is not held by any thread
==70262==    at 0x4851C1D: ??? (in /usr/libexec/valgrind/vgpreload_helgrind-amd64-linux.so)
==70262==    by 0x49BB1DC: bm::AgeingMonitor::~AgeingMonitor() (ageing.cpp:115)
==70262==    by 0x49BB2EC: bm::AgeingMonitor::~AgeingMonitor() (ageing.cpp:117)
==70262==    by 0x49CF099: operator() (unique_ptr.h:99)
==70262==    by 0x49CF099: ~unique_ptr (unique_ptr.h:404)
==70262==    by 0x49CF099: bm::P4Objects::~P4Objects() (P4Objects.h:64)
==70262==    by 0x133111: _M_release (shared_ptr_base.h:346)
==70262==    by 0x133111: _M_release (shared_ptr_base.h:317)
==70262==    by 0x133111: ~__shared_count (shared_ptr_base.h:1071)
==70262==    by 0x133111: ~__shared_ptr (shared_ptr_base.h:1524)
==70262==    by 0x133111: ~shared_ptr (shared_ptr.h:175)
==70262==    by 0x133111: ~Context (context.h:90)
==70262==    by 0x133111: _Destroy<bm::Context> (stl_construct.h:151)
==70262==    by 0x133111: __destroy<bm::Context*> (stl_construct.h:163)
==70262==    by 0x133111: _Destroy<bm::Context*> (stl_construct.h:196)
==70262==    by 0x133111: _Destroy<bm::Context*, bm::Context> (alloc_traits.h:948)
==70262==    by 0x133111: ~vector (stl_vector.h:735)
==70262==    by 0x133111: bm::SwitchWContexts::~SwitchWContexts() (switch.h:100)
==70262==    by 0x129D57: ~Switch (switch.h:973)
==70262==    by 0x129D57: ~TestSwitch (harness.cc:137)
==70262==    by 0x129D57: ~TestSwitch (harness.cc:137)
==70262==    by 0x129D57: operator() (unique_ptr.h:99)
==70262==    by 0x129D57: ~unique_ptr (unique_ptr.h:404)
==70262==    by 0x129D57: _Destroy<std::unique_ptr<(anonymous namespace)::TestSwitch> > (stl_construct.h:151)
==70262==    by 0x129D57: __destroy<std::unique_ptr<(anonymous namespace)::TestSwitch>*> (stl_construct.h:163)
==70262==    by 0x129D57: _Destroy<std::unique_ptr<(anonymous namespace)::TestSwitch>*> (stl_construct.h:196)
==70262==    by 0x129D57: _Destroy<std::unique_ptr<(anonymous namespace)::TestSwitch>*, std::unique_ptr<(anonymous namespace)::TestSwitch> > (alloc_traits.h:948)
==70262==    by 0x129D57: std::vector<std::unique_ptr<(anonymous namespace)::TestSwitch, std::default_delete<(anonymous namespace)::TestSwitch> >, std::allocator<std::unique_ptr<(anonymous namespace)::TestSwitch, std::default_delete<(anonymous namespace)::TestSwitch> > > >::~vector() (stl_vector.h:735)
==70262==    by 0x124795: main (harness.cc:462)
==70262== 
==70262== 
==70262== Use --history-level=approx or =none to gain increased speed, at
==70262== the cost of reduced accuracy of conflicting-access information
==70262== For lists of detected and suppressed errors, rerun with: -s
==70262== ERROR SUMMARY: 3 errors from 1 contexts (suppressed: 5679 from 39)
