==57539== Helgrind, a thread error detector
==57539== Copyright (C) 2007-2017, and GNU GPL'd, by OpenWorks LLP et al.
==57539== Using Valgrind-3.22.0 and LibVEX; rerun with -h for copyright info
==57539== Command: ./harness-ss --mode split --json /home/tj/research/p4-days/p4-programs/split_register/split_register.json --packets 40
==57539== Parent PID: 57538
==57539== 
==57539== ---Thread-Announcement------------------------------------------
==57539== 
==57539== Thread #3 was created
==57539==    at 0x53C3CB3: clone (clone.S:76)
==57539==    by 0x53C3E32: __clone_internal_fallback (clone-internal.c:64)
==57539==    by 0x53C3E32: __clone_internal (clone-internal.c:109)
==57539==    by 0x533662F: create_thread (pthread_create.c:297)
==57539==    by 0x5337284: pthread_create@@GLIBC_2.34 (pthread_create.c:836)
==57539==    by 0x4854975: ??? (in /usr/libexec/valgrind/vgpreload_helgrind-amd64-linux.so)
==57539==    by 0x4FF1EB0: std::thread::_M_start_thread(std::unique_ptr<std::thread::_State, std::default_delete<std::thread::_State> >, void (*)()) (in /usr/lib/x86_64-linux-gnu/libstdc++.so.6.0.33)
==57539==    by 0x11A37F: thread<main(int, char**)::<lambda()> > (std_thread.h:164)
==57539==    by 0x11A37F: main (harness.cc:399)
==57539== 
==57539== ----------------------------------------------------------------
==57539== 
==57539== Thread #3: pthread_cond_{signal,broadcast}: dubious: associated lock is not held by any thread
==57539==    at 0x4851C1D: ??? (in /usr/libexec/valgrind/vgpreload_helgrind-amd64-linux.so)
==57539==    by 0x11C453: operator() (harness.cc:392)
==57539==    by 0x11C453: __invoke_impl<void, main(int, char**)::<lambda()> > (invoke.h:61)
==57539==    by 0x11C453: __invoke<main(int, char**)::<lambda()> > (invoke.h:96)
==57539==    by 0x11C453: _M_invoke<0> (std_thread.h:292)
==57539==    by 0x11C453: operator() (std_thread.h:299)
==57539==    by 0x11C453: std::thread::_State_impl<std::thread::_Invoker<std::tuple<main::{lambda()#3}> > >::_M_run() (std_thread.h:244)
==57539==    by 0x4FF1DB3: ??? (in /usr/lib/x86_64-linux-gnu/libstdc++.so.6.0.33)
==57539==    by 0x4854B7A: ??? (in /usr/libexec/valgrind/vgpreload_helgrind-amd64-linux.so)
==57539==    by 0x5336B83: start_thread (pthread_create.c:447)
==57539==    by 0x53C3CC3: clone (clone.S:100)
==57539== 
==57539== ----------------------------------------------------------------
==57539== 
==57539== Thread #3: pthread_cond_{signal,broadcast}: dubious: associated lock is not held by any thread
==57539==    at 0x4851C1D: ??? (in /usr/libexec/valgrind/vgpreload_helgrind-amd64-linux.so)
==57539==    by 0x4FF1DB3: ??? (in /usr/lib/x86_64-linux-gnu/libstdc++.so.6.0.33)
==57539==    by 0x4854B7A: ??? (in /usr/libexec/valgrind/vgpreload_helgrind-amd64-linux.so)
==57539==    by 0x5336B83: start_thread (pthread_create.c:447)
==57539==    by 0x53C3CC3: clone (clone.S:100)
==57539== 
==57539== ---Thread-Announcement------------------------------------------
==57539== 
==57539== Thread #1 is the program's root thread
==57539== 
==57539== ----------------------------------------------------------------
==57539== 
==57539== Thread #1: pthread_cond_{signal,broadcast}: dubious: associated lock is not held by any thread
==57539==    at 0x4851C1D: ??? (in /usr/libexec/valgrind/vgpreload_helgrind-amd64-linux.so)
==57539==    by 0x49BB1DC: bm::AgeingMonitor::~AgeingMonitor() (ageing.cpp:115)
==57539==    by 0x49BB2EC: bm::AgeingMonitor::~AgeingMonitor() (ageing.cpp:117)
==57539==    by 0x49CF099: operator() (unique_ptr.h:99)
==57539==    by 0x49CF099: ~unique_ptr (unique_ptr.h:404)
==57539==    by 0x49CF099: bm::P4Objects::~P4Objects() (P4Objects.h:64)
==57539==    by 0x125689: _M_release (shared_ptr_base.h:346)
==57539==    by 0x125689: _M_release (shared_ptr_base.h:317)
==57539==    by 0x125689: ~__shared_count (shared_ptr_base.h:1071)
==57539==    by 0x125689: ~__shared_ptr (shared_ptr_base.h:1524)
==57539==    by 0x125689: ~shared_ptr (shared_ptr.h:175)
==57539==    by 0x125689: ~Context (context.h:90)
==57539==    by 0x125689: _Destroy<bm::Context> (stl_construct.h:151)
==57539==    by 0x125689: __destroy<bm::Context*> (stl_construct.h:163)
==57539==    by 0x125689: _Destroy<bm::Context*> (stl_construct.h:196)
==57539==    by 0x125689: _Destroy<bm::Context*, bm::Context> (alloc_traits.h:948)
==57539==    by 0x125689: ~vector (stl_vector.h:735)
==57539==    by 0x125689: bm::SwitchWContexts::~SwitchWContexts() (switch.h:100)
==57539==    by 0x11A91B: ~Switch (switch.h:973)
==57539==    by 0x11A91B: ~TestSwitch (harness.cc:56)
==57539==    by 0x11A91B: main (harness.cc:463)
==57539== 
==57539== 
==57539== Use --history-level=approx or =none to gain increased speed, at
==57539== the cost of reduced accuracy of conflicting-access information
==57539== For lists of detected and suppressed errors, rerun with: -s
==57539== ERROR SUMMARY: 38 errors from 3 contexts (suppressed: 187 from 47)
