==29028== Helgrind, a thread error detector
==29028== Copyright (C) 2007-2017, and GNU GPL'd, by OpenWorks LLP et al.
==29028== Using Valgrind-3.22.0 and LibVEX; rerun with -h for copyright info
==29028== Command: ./harness --mode parallel --switches 4 --packets 40 --no-warmup
==29028== Parent PID: 29027
==29028== 
==29028== ---Thread-Announcement------------------------------------------
==29028== 
==29028== Thread #7 was created
==29028==    at 0x4FC1CB3: clone (clone.S:76)
==29028==    by 0x4FC1E32: __clone_internal_fallback (clone-internal.c:64)
==29028==    by 0x4FC1E32: __clone_internal (clone-internal.c:109)
==29028==    by 0x4F3462F: create_thread (pthread_create.c:297)
==29028==    by 0x4F35284: pthread_create@@GLIBC_2.34 (pthread_create.c:836)
==29028==    by 0x4854975: ??? (in /usr/libexec/valgrind/vgpreload_helgrind-amd64-linux.so)
==29028==    by 0x4CD6EB0: std::thread::_M_start_thread(std::unique_ptr<std::thread::_State, std::default_delete<std::thread::_State> >, void (*)()) (in /usr/lib/x86_64-linux-gnu/libstdc++.so.6.0.33)
==29028==    by 0x11841D: thread<main(int, char**)::<lambda()> > (std_thread.h:164)
==29028==    by 0x11841D: construct<std::thread, main(int, char**)::<lambda()> > (new_allocator.h:191)
==29028==    by 0x11841D: construct<std::thread, main(int, char**)::<lambda()> > (alloc_traits.h:538)
==29028==    by 0x11841D: _M_realloc_insert<main(int, char**)::<lambda()> > (vector.tcc:468)
==29028==    by 0x11841D: emplace_back<main(int, char**)::<lambda()> > (vector.tcc:123)
==29028==    by 0x11841D: main (harness.cc:256)
==29028== 
==29028== ---Thread-Announcement------------------------------------------
==29028== 
==29028== Thread #6 was created
==29028==    at 0x4FC1CB3: clone (clone.S:76)
==29028==    by 0x4FC1E32: __clone_internal_fallback (clone-internal.c:64)
==29028==    by 0x4FC1E32: __clone_internal (clone-internal.c:109)
==29028==    by 0x4F3462F: create_thread (pthread_create.c:297)
==29028==    by 0x4F35284: pthread_create@@GLIBC_2.34 (pthread_create.c:836)
==29028==    by 0x4854975: ??? (in /usr/libexec/valgrind/vgpreload_helgrind-amd64-linux.so)
==29028==    by 0x4CD6EB0: std::thread::_M_start_thread(std::unique_ptr<std::thread::_State, std::default_delete<std::thread::_State> >, void (*)()) (in /usr/lib/x86_64-linux-gnu/libstdc++.so.6.0.33)
==29028==    by 0x11841D: thread<main(int, char**)::<lambda()> > (std_thread.h:164)
==29028==    by 0x11841D: construct<std::thread, main(int, char**)::<lambda()> > (new_allocator.h:191)
==29028==    by 0x11841D: construct<std::thread, main(int, char**)::<lambda()> > (alloc_traits.h:538)
==29028==    by 0x11841D: _M_realloc_insert<main(int, char**)::<lambda()> > (vector.tcc:468)
==29028==    by 0x11841D: emplace_back<main(int, char**)::<lambda()> > (vector.tcc:123)
==29028==    by 0x11841D: main (harness.cc:256)
==29028== 
==29028== ----------------------------------------------------------------
==29028== 
==29028== Possible data race during read of size 8 at 0x1272A8 by thread #7
==29028== Locks held: none
==29028==    at 0x49AC580: bm::EventLogger::parser_start(bm::Packet const&, bm::Parser const&) (event_logger.cpp:101)
==29028==    by 0x4A32F35: bm::Parser::parse(bm::Packet*) const (parser.cpp:1134)
==29028==    by 0x119DEA: Process (harness.cc:111)
==29028==    by 0x119DEA: (anonymous namespace)::RunOne((anonymous namespace)::TestSwitch*, std::vector<std::vector<unsigned char, std::allocator<unsigned char> >, std::allocator<std::vector<unsigned char, std::allocator<unsigned char> > > > const&, std::vector<(anonymous namespace)::PacketResult, std::allocator<(anonymous namespace)::PacketResult> >*) (harness.cc:186)
==29028==    by 0x4CD6DB3: ??? (in /usr/lib/x86_64-linux-gnu/libstdc++.so.6.0.33)
==29028==    by 0x4854B7A: ??? (in /usr/libexec/valgrind/vgpreload_helgrind-amd64-linux.so)
==29028==    by 0x4F34B83: start_thread (pthread_create.c:447)
==29028==    by 0x4FC1CC3: clone (clone.S:100)
==29028== 
==29028== This conflicts with a previous write of size 8 by thread #6
==29028== Locks held: none
==29028==    at 0x4A33519: EventLogger (event_logger.h:73)
==29028==    by 0x4A33519: get (event_logger.h:106)
==29028==    by 0x4A33519: bm::Parser::parse(bm::Packet*) const (parser.cpp:1134)
==29028==    by 0x119DEA: Process (harness.cc:111)
==29028==    by 0x119DEA: (anonymous namespace)::RunOne((anonymous namespace)::TestSwitch*, std::vector<std::vector<unsigned char, std::allocator<unsigned char> >, std::allocator<std::vector<unsigned char, std::allocator<unsigned char> > > > const&, std::vector<(anonymous namespace)::PacketResult, std::allocator<(anonymous namespace)::PacketResult> >*) (harness.cc:186)
==29028==    by 0x4CD6DB3: ??? (in /usr/lib/x86_64-linux-gnu/libstdc++.so.6.0.33)
==29028==    by 0x4854B7A: ??? (in /usr/libexec/valgrind/vgpreload_helgrind-amd64-linux.so)
==29028==    by 0x4F34B83: start_thread (pthread_create.c:447)
==29028==    by 0x4FC1CC3: clone (clone.S:100)
==29028==  Address 0x1272a8 is in the BSS segment of /home/tj/research/p4-days/experiments/bmv2-threadsafety/harness
==29028== 
==29028== ----------------------------------------------------------------
==29028== 
==29028== Possible data race during read of size 8 at 0x1272A0 by thread #7
==29028== Locks held: none
==29028==    at 0x49AC584: _M_ptr (unique_ptr.h:199)
==29028==    by 0x49AC584: get (unique_ptr.h:470)
==29028==    by 0x49AC584: operator-> (unique_ptr.h:463)
==29028==    by 0x49AC584: bm::EventLogger::parser_start(bm::Packet const&, bm::Parser const&) (event_logger.cpp:103)
==29028==    by 0x4A32F35: bm::Parser::parse(bm::Packet*) const (parser.cpp:1134)
==29028==    by 0x119DEA: Process (harness.cc:111)
==29028==    by 0x119DEA: (anonymous namespace)::RunOne((anonymous namespace)::TestSwitch*, std::vector<std::vector<unsigned char, std::allocator<unsigned char> >, std::allocator<std::vector<unsigned char, std::allocator<unsigned char> > > > const&, std::vector<(anonymous namespace)::PacketResult, std::allocator<(anonymous namespace)::PacketResult> >*) (harness.cc:186)
==29028==    by 0x4CD6DB3: ??? (in /usr/lib/x86_64-linux-gnu/libstdc++.so.6.0.33)
==29028==    by 0x4854B7A: ??? (in /usr/libexec/valgrind/vgpreload_helgrind-amd64-linux.so)
==29028==    by 0x4F34B83: start_thread (pthread_create.c:447)
==29028==    by 0x4FC1CC3: clone (clone.S:100)
==29028== 
==29028== This conflicts with a previous write of size 8 by thread #6
==29028== Locks held: none
==29028==    at 0x4A33516: _Tuple_impl (tuple:302)
==29028==    by 0x4A33516: tuple (tuple:1358)
==29028==    by 0x4A33516: __uniq_ptr_impl (unique_ptr.h:185)
==29028==    by 0x4A33516: __uniq_ptr_data (unique_ptr.h:242)
==29028==    by 0x4A33516: unique_ptr (unique_ptr.h:366)
==29028==    by 0x4A33516: EventLogger (event_logger.h:73)
==29028==    by 0x4A33516: get (event_logger.h:106)
==29028==    by 0x4A33516: bm::Parser::parse(bm::Packet*) const (parser.cpp:1134)
==29028==    by 0x119DEA: Process (harness.cc:111)
==29028==    by 0x119DEA: (anonymous namespace)::RunOne((anonymous namespace)::TestSwitch*, std::vector<std::vector<unsigned char, std::allocator<unsigned char> >, std::allocator<std::vector<unsigned char, std::allocator<unsigned char> > > > const&, std::vector<(anonymous namespace)::PacketResult, std::allocator<(anonymous namespace)::PacketResult> >*) (harness.cc:186)
==29028==    by 0x4CD6DB3: ??? (in /usr/lib/x86_64-linux-gnu/libstdc++.so.6.0.33)
==29028==    by 0x4854B7A: ??? (in /usr/libexec/valgrind/vgpreload_helgrind-amd64-linux.so)
==29028==    by 0x4F34B83: start_thread (pthread_create.c:447)
==29028==    by 0x4FC1CC3: clone (clone.S:100)
==29028==  Address 0x1272a0 is in the BSS segment of /home/tj/research/p4-days/experiments/bmv2-threadsafety/harness
==29028== 
==29028== ----------------------------------------------------------------
==29028== 
==29028== Possible data race during read of size 8 at 0x60D8920 by thread #7
==29028== Locks held: none
==29028==    at 0x49AC5BB: send (transport.h:53)
==29028==    by 0x49AC5BB: bm::EventLogger::parser_start(bm::Packet const&, bm::Parser const&) (event_logger.cpp:103)
==29028==    by 0x4A32F35: bm::Parser::parse(bm::Packet*) const (parser.cpp:1134)
==29028==    by 0x119DEA: Process (harness.cc:111)
==29028==    by 0x119DEA: (anonymous namespace)::RunOne((anonymous namespace)::TestSwitch*, std::vector<std::vector<unsigned char, std::allocator<unsigned char> >, std::allocator<std::vector<unsigned char, std::allocator<unsigned char> > > > const&, std::vector<(anonymous namespace)::PacketResult, std::allocator<(anonymous namespace)::PacketResult> >*) (harness.cc:186)
==29028==    by 0x4CD6DB3: ??? (in /usr/lib/x86_64-linux-gnu/libstdc++.so.6.0.33)
==29028==    by 0x4854B7A: ??? (in /usr/libexec/valgrind/vgpreload_helgrind-amd64-linux.so)
==29028==    by 0x4F34B83: start_thread (pthread_create.c:447)
==29028==    by 0x4FC1CC3: clone (clone.S:100)
==29028==  Address 0x60d8920 is 0 bytes inside a block of size 16 alloc'd
==29028==    at 0x4849023: operator new(unsigned long) (in /usr/libexec/valgrind/vgpreload_helgrind-amd64-linux.so)
==29028==    by 0x4A6AA21: bm::TransportIface::make_dummy() (transport.cpp:101)
==29028==    by 0x4A334E7: get (event_logger.h:106)
==29028==    by 0x4A334E7: bm::Parser::parse(bm::Packet*) const (parser.cpp:1134)
==29028==    by 0x119DEA: Process (harness.cc:111)
==29028==    by 0x119DEA: (anonymous namespace)::RunOne((anonymous namespace)::TestSwitch*, std::vector<std::vector<unsigned char, std::allocator<unsigned char> >, std::allocator<std::vector<unsigned char, std::allocator<unsigned char> > > > const&, std::vector<(anonymous namespace)::PacketResult, std::allocator<(anonymous namespace)::PacketResult> >*) (harness.cc:186)
==29028==    by 0x4CD6DB3: ??? (in /usr/lib/x86_64-linux-gnu/libstdc++.so.6.0.33)
==29028==    by 0x4854B7A: ??? (in /usr/libexec/valgrind/vgpreload_helgrind-amd64-linux.so)
==29028==    by 0x4F34B83: start_thread (pthread_create.c:447)
==29028==    by 0x4FC1CC3: clone (clone.S:100)
==29028==  Block was alloc'd by thread #6
==29028== 
==29028== ----------------------------------------------------------------
==29028== 
==29028== Possible data race during read of size 8 at 0x1272A8 by thread #7
==29028== Locks held: none
==29028==    at 0x49AC680: bm::EventLogger::parser_extract(bm::Packet const&, int) (event_logger.cpp:125)
==29028==    by 0x4A2B270: bm::(anonymous namespace)::extract_fixed(bm::Header*, bm::Packet*, char const*, unsigned long*) (parser.cpp:247)
==29028==    by 0x4A31869: bm::ParseState::find_next_state(bm::Packet*, char const*, unsigned long*) const (parser.cpp:1060)
==29028==    by 0x4A3321E: bm::Parser::parse(bm::Packet*) const (parser.cpp:1153)
==29028==    by 0x119DEA: Process (harness.cc:111)
==29028==    by 0x119DEA: (anonymous namespace)::RunOne((anonymous namespace)::TestSwitch*, std::vector<std::vector<unsigned char, std::allocator<unsigned char> >, std::allocator<std::vector<unsigned char, std::allocator<unsigned char> > > > const&, std::vector<(anonymous namespace)::PacketResult, std::allocator<(anonymous namespace)::PacketResult> >*) (harness.cc:186)
==29028==    by 0x4CD6DB3: ??? (in /usr/lib/x86_64-linux-gnu/libstdc++.so.6.0.33)
==29028==    by 0x4854B7A: ??? (in /usr/libexec/valgrind/vgpreload_helgrind-amd64-linux.so)
==29028==    by 0x4F34B83: start_thread (pthread_create.c:447)
==29028==    by 0x4FC1CC3: clone (clone.S:100)
==29028== 
==29028== This conflicts with a previous write of size 8 by thread #6
==29028== Locks held: none
==29028==    at 0x4A33519: EventLogger (event_logger.h:73)
==29028==    by 0x4A33519: get (event_logger.h:106)
==29028==    by 0x4A33519: bm::Parser::parse(bm::Packet*) const (parser.cpp:1134)
==29028==    by 0x119DEA: Process (harness.cc:111)
==29028==    by 0x119DEA: (anonymous namespace)::RunOne((anonymous namespace)::TestSwitch*, std::vector<std::vector<unsigned char, std::allocator<unsigned char> >, std::allocator<std::vector<unsigned char, std::allocator<unsigned char> > > > const&, std::vector<(anonymous namespace)::PacketResult, std::allocator<(anonymous namespace)::PacketResult> >*) (harness.cc:186)
==29028==    by 0x4CD6DB3: ??? (in /usr/lib/x86_64-linux-gnu/libstdc++.so.6.0.33)
==29028==    by 0x4854B7A: ??? (in /usr/libexec/valgrind/vgpreload_helgrind-amd64-linux.so)
==29028==    by 0x4F34B83: start_thread (pthread_create.c:447)
==29028==    by 0x4FC1CC3: clone (clone.S:100)
==29028==  Address 0x1272a8 is in the BSS segment of /home/tj/research/p4-days/experiments/bmv2-threadsafety/harness
==29028== 
==29028== ----------------------------------------------------------------
==29028== 
==29028== Possible data race during read of size 8 at 0x1272A0 by thread #7
==29028== Locks held: none
==29028==    at 0x49AC684: _M_ptr (unique_ptr.h:199)
==29028==    by 0x49AC684: get (unique_ptr.h:470)
==29028==    by 0x49AC684: operator-> (unique_ptr.h:463)
==29028==    by 0x49AC684: bm::EventLogger::parser_extract(bm::Packet const&, int) (event_logger.cpp:127)
==29028==    by 0x4A2B270: bm::(anonymous namespace)::extract_fixed(bm::Header*, bm::Packet*, char const*, unsigned long*) (parser.cpp:247)
==29028==    by 0x4A31869: bm::ParseState::find_next_state(bm::Packet*, char const*, unsigned long*) const (parser.cpp:1060)
==29028==    by 0x4A3321E: bm::Parser::parse(bm::Packet*) const (parser.cpp:1153)
==29028==    by 0x119DEA: Process (harness.cc:111)
==29028==    by 0x119DEA: (anonymous namespace)::RunOne((anonymous namespace)::TestSwitch*, std::vector<std::vector<unsigned char, std::allocator<unsigned char> >, std::allocator<std::vector<unsigned char, std::allocator<unsigned char> > > > const&, std::vector<(anonymous namespace)::PacketResult, std::allocator<(anonymous namespace)::PacketResult> >*) (harness.cc:186)
==29028==    by 0x4CD6DB3: ??? (in /usr/lib/x86_64-linux-gnu/libstdc++.so.6.0.33)
==29028==    by 0x4854B7A: ??? (in /usr/libexec/valgrind/vgpreload_helgrind-amd64-linux.so)
==29028==    by 0x4F34B83: start_thread (pthread_create.c:447)
==29028==    by 0x4FC1CC3: clone (clone.S:100)
==29028== 
==29028== This conflicts with a previous write of size 8 by thread #6
==29028== Locks held: none
==29028==    at 0x4A33516: _Tuple_impl (tuple:302)
==29028==    by 0x4A33516: tuple (tuple:1358)
==29028==    by 0x4A33516: __uniq_ptr_impl (unique_ptr.h:185)
==29028==    by 0x4A33516: __uniq_ptr_data (unique_ptr.h:242)
==29028==    by 0x4A33516: unique_ptr (unique_ptr.h:366)
==29028==    by 0x4A33516: EventLogger (event_logger.h:73)
==29028==    by 0x4A33516: get (event_logger.h:106)
==29028==    by 0x4A33516: bm::Parser::parse(bm::Packet*) const (parser.cpp:1134)
==29028==    by 0x119DEA: Process (harness.cc:111)
==29028==    by 0x119DEA: (anonymous namespace)::RunOne((anonymous namespace)::TestSwitch*, std::vector<std::vector<unsigned char, std::allocator<unsigned char> >, std::allocator<std::vector<unsigned char, std::allocator<unsigned char> > > > const&, std::vector<(anonymous namespace)::PacketResult, std::allocator<(anonymous namespace)::PacketResult> >*) (harness.cc:186)
==29028==    by 0x4CD6DB3: ??? (in /usr/lib/x86_64-linux-gnu/libstdc++.so.6.0.33)
==29028==    by 0x4854B7A: ??? (in /usr/libexec/valgrind/vgpreload_helgrind-amd64-linux.so)
==29028==    by 0x4F34B83: start_thread (pthread_create.c:447)
==29028==    by 0x4FC1CC3: clone (clone.S:100)
==29028==  Address 0x1272a0 is in the BSS segment of /home/tj/research/p4-days/experiments/bmv2-threadsafety/harness
==29028== 
==29028== ---Thread-Announcement------------------------------------------
==29028== 
==29028== Thread #1 is the program's root thread
==29028== 
==29028== ----------------------------------------------------------------
==29028== 
==29028== Thread #1: pthread_cond_{signal,broadcast}: dubious: associated lock is not held by any thread
==29028==    at 0x4851C1D: ??? (in /usr/libexec/valgrind/vgpreload_helgrind-amd64-linux.so)
==29028==    by 0x49844FC: bm::AgeingMonitor::~AgeingMonitor() (ageing.cpp:115)
==29028==    by 0x498460C: bm::AgeingMonitor::~AgeingMonitor() (ageing.cpp:117)
==29028==    by 0x4998789: operator() (unique_ptr.h:99)
==29028==    by 0x4998789: ~unique_ptr (unique_ptr.h:404)
==29028==    by 0x4998789: bm::P4Objects::~P4Objects() (P4Objects.h:64)
==29028==    by 0x1217A9: _M_release (shared_ptr_base.h:346)
==29028==    by 0x1217A9: _M_release (shared_ptr_base.h:317)
==29028==    by 0x1217A9: ~__shared_count (shared_ptr_base.h:1071)
==29028==    by 0x1217A9: ~__shared_ptr (shared_ptr_base.h:1524)
==29028==    by 0x1217A9: ~shared_ptr (shared_ptr.h:175)
==29028==    by 0x1217A9: ~Context (context.h:90)
==29028==    by 0x1217A9: _Destroy<bm::Context> (stl_construct.h:151)
==29028==    by 0x1217A9: __destroy<bm::Context*> (stl_construct.h:163)
==29028==    by 0x1217A9: _Destroy<bm::Context*> (stl_construct.h:196)
==29028==    by 0x1217A9: _Destroy<bm::Context*, bm::Context> (alloc_traits.h:948)
==29028==    by 0x1217A9: ~vector (stl_vector.h:735)
==29028==    by 0x1217A9: bm::SwitchWContexts::~SwitchWContexts() (switch.h:100)
==29028==    by 0x11B1A7: ~Switch (switch.h:973)
==29028==    by 0x11B1A7: ~TestSwitch (harness.cc:52)
==29028==    by 0x11B1A7: ~TestSwitch (harness.cc:52)
==29028==    by 0x11B1A7: operator() (unique_ptr.h:99)
==29028==    by 0x11B1A7: ~unique_ptr (unique_ptr.h:404)
==29028==    by 0x11B1A7: _Destroy<std::unique_ptr<(anonymous namespace)::TestSwitch> > (stl_construct.h:151)
==29028==    by 0x11B1A7: __destroy<std::unique_ptr<(anonymous namespace)::TestSwitch>*> (stl_construct.h:163)
==29028==    by 0x11B1A7: _Destroy<std::unique_ptr<(anonymous namespace)::TestSwitch>*> (stl_construct.h:196)
==29028==    by 0x11B1A7: _Destroy<std::unique_ptr<(anonymous namespace)::TestSwitch>*, std::unique_ptr<(anonymous namespace)::TestSwitch> > (alloc_traits.h:948)
==29028==    by 0x11B1A7: std::vector<std::unique_ptr<(anonymous namespace)::TestSwitch, std::default_delete<(anonymous namespace)::TestSwitch> >, std::allocator<std::unique_ptr<(anonymous namespace)::TestSwitch, std::default_delete<(anonymous namespace)::TestSwitch> > > >::~vector() (stl_vector.h:735)
==29028==    by 0x1185BD: main (harness.cc:284)
==29028== 
==29028== 
==29028== Use --history-level=approx or =none to gain increased speed, at
==29028== the cost of reduced accuracy of conflicting-access information
==29028== For lists of detected and suppressed errors, rerun with: -s
==29028== ERROR SUMMARY: 15 errors from 6 contexts (suppressed: 230 from 22)
