==57143== Helgrind, a thread error detector
==57143== Copyright (C) 2007-2017, and GNU GPL'd, by OpenWorks LLP et al.
==57143== Using Valgrind-3.22.0 and LibVEX; rerun with -h for copyright info
==57143== Command: ./harness --mode split --packets 40
==57143== Parent PID: 57142
==57143== 
==57143== ---Thread-Announcement------------------------------------------
==57143== 
==57143== Thread #1 is the program's root thread
==57143== 
==57143== ----------------------------------------------------------------
==57143== 
==57143== Thread #1: pthread_cond_{signal,broadcast}: dubious: associated lock is not held by any thread
==57143==    at 0x4851C1D: ??? (in /usr/libexec/valgrind/vgpreload_helgrind-amd64-linux.so)
==57143==    by 0x49844FC: bm::AgeingMonitor::~AgeingMonitor() (ageing.cpp:115)
==57143==    by 0x498460C: bm::AgeingMonitor::~AgeingMonitor() (ageing.cpp:117)
==57143==    by 0x4998789: operator() (unique_ptr.h:99)
==57143==    by 0x4998789: ~unique_ptr (unique_ptr.h:404)
==57143==    by 0x4998789: bm::P4Objects::~P4Objects() (P4Objects.h:64)
==57143==    by 0x1239C9: _M_release (shared_ptr_base.h:346)
==57143==    by 0x1239C9: _M_release (shared_ptr_base.h:317)
==57143==    by 0x1239C9: ~__shared_count (shared_ptr_base.h:1071)
==57143==    by 0x1239C9: ~__shared_ptr (shared_ptr_base.h:1524)
==57143==    by 0x1239C9: ~shared_ptr (shared_ptr.h:175)
==57143==    by 0x1239C9: ~Context (context.h:90)
==57143==    by 0x1239C9: _Destroy<bm::Context> (stl_construct.h:151)
==57143==    by 0x1239C9: __destroy<bm::Context*> (stl_construct.h:163)
==57143==    by 0x1239C9: _Destroy<bm::Context*> (stl_construct.h:196)
==57143==    by 0x1239C9: _Destroy<bm::Context*, bm::Context> (alloc_traits.h:948)
==57143==    by 0x1239C9: ~vector (stl_vector.h:735)
==57143==    by 0x1239C9: bm::SwitchWContexts::~SwitchWContexts() (switch.h:100)
==57143==    by 0x11948B: ~Switch (switch.h:973)
==57143==    by 0x11948B: ~TestSwitch (harness.cc:55)
==57143==    by 0x11948B: main (harness.cc:427)
==57143== 
==57143== 
==57143== Use --history-level=approx or =none to gain increased speed, at
==57143== the cost of reduced accuracy of conflicting-access information
==57143== For lists of detected and suppressed errors, rerun with: -s
==57143== ERROR SUMMARY: 2 errors from 1 contexts (suppressed: 311 from 21)
